// Jest Snapshot v1, https://goo.gl/fbAQLP

exports[`Image Component display responsive container version 1`] = `ReactWrapper {}`;
